// Vitest Snapshot v1, https://vitest.dev/guide/snapshot.html

exports[`the reference grid > draws every declared likeness the way it drew it last time 1`] = `
"nasubi-hui-guo-rou · 65 meshes · ×1.040 · court-gown elbow-left elbow-right face-brow-left face-brow-right face-eye-left face-eye-right face-mouth hand-left hand-right hip-left hip-right knee-left knee-right nen-zetsu-trace shoulder-left shoulder-right signature-beard signature-crown
unma-hui-guo-rou · 55 meshes · ×0.980 · court-gown elbow-left elbow-right face-brow-left face-brow-right face-eye-left face-eye-right face-mouth hand-left hand-right hip-left hip-right knee-left knee-right nen-zetsu-trace shoulder-left shoulder-right
duazul-hui-guo-rou · 55 meshes · ×1.000 · court-gown elbow-left elbow-right face-brow-left face-brow-right face-eye-left face-eye-right face-mouth hand-left hand-right hip-left hip-right knee-left knee-right nen-zetsu-trace shoulder-left shoulder-right
tang-zhao-li-hui-guo-rou · 55 meshes · ×0.970 · court-gown elbow-left elbow-right face-brow-left face-brow-right face-eye-left face-eye-right face-mouth hand-left hand-right hip-left hip-right knee-left knee-right nen-zetsu-trace shoulder-left shoulder-right
sevanti-hui-guo-rou · 61 meshes · ×0.960 · court-gown elbow-left elbow-right face-brow-left face-brow-right face-eye-left face-eye-right face-mouth hand-left hand-right hip-left hip-right knee-left knee-right nen-zetsu-trace shoulder-left shoulder-right
queen-oito · 58 meshes · ×0.950 · court-gown elbow-left elbow-right face-brow-left face-brow-right face-eye-left face-eye-right face-mouth hand-left hand-right hip-left hip-right knee-left knee-right nen-zetsu-trace shoulder-left shoulder-right
prince-benjamin · 56 meshes · ×1.120 · elbow-left elbow-right face-brow-left face-brow-right face-eye-left face-eye-right face-mouth hand-left hand-right hip-left hip-right knee-left knee-right nen-zetsu-trace shoulder-left shoulder-right
prince-camilla · 62 meshes · ×0.980 · court-gown elbow-left elbow-right face-brow-left face-brow-right face-eye-left face-eye-right face-mouth hand-left hand-right hip-left hip-right knee-left knee-right nen-zetsu-trace shoulder-left shoulder-right signature-tiara
prince-zhanglei · 56 meshes · ×1.050 · attire-changshan elbow-left elbow-right face-brow-left face-brow-right face-eye-left face-eye-right face-mouth hand-left hand-right hip-left hip-right knee-left knee-right nen-zetsu-trace shoulder-left shoulder-right
prince-tserriednich · 55 meshes · ×1.060 · elbow-left elbow-right face-brow-left face-brow-right face-eye-left face-eye-right face-mouth hand-left hand-right hip-left hip-right knee-left knee-right nen-zetsu-trace shoulder-left shoulder-right
prince-tubeppa · 56 meshes · ×1.000 · elbow-left elbow-right face-brow-left face-brow-right face-eye-left face-eye-right face-mouth hand-left hand-right hip-left hip-right knee-left knee-right nen-zetsu-trace shoulder-left shoulder-right
prince-tyson · 65 meshes · ×0.980 · court-gown elbow-left elbow-right face-brow-left face-brow-right face-eye-left face-eye-right face-mouth hand-left hand-right hip-left hip-right knee-left knee-right nen-zetsu-trace shoulder-left shoulder-right signature-frills
prince-luzurus · 51 meshes · ×1.060 · elbow-left elbow-right face-brow-left face-brow-right face-eye-left face-eye-right face-mouth hand-left hand-right hip-left hip-right knee-left knee-right nen-zetsu-trace shoulder-left shoulder-right
prince-salesale · 56 meshes · ×1.020 · elbow-left elbow-right face-brow-left face-brow-right face-eye-left face-eye-right face-mouth hand-left hand-right hip-left hip-right knee-left knee-right nen-zetsu-trace shoulder-left shoulder-right signature-lips
prince-halkenburg · 57 meshes · ×1.070 · elbow-left elbow-right face-brow-left face-brow-right face-eye-left face-eye-right face-mouth hand-left hand-right hip-left hip-right knee-left knee-right nen-zetsu-trace shoulder-left shoulder-right
prince-kacho · 58 meshes · ×0.960 · court-gown elbow-left elbow-right face-brow-left face-brow-right face-eye-left face-eye-right face-mouth hand-left hand-right hip-left hip-right knee-left knee-right nen-zetsu-trace shoulder-left shoulder-right
prince-fugetsu · 58 meshes · ×0.960 · court-gown elbow-left elbow-right face-brow-left face-brow-right face-eye-left face-eye-right face-mouth hand-left hand-right hip-left hip-right knee-left knee-right nen-zetsu-trace shoulder-left shoulder-right
prince-momoze · 56 meshes · ×0.900 · court-gown elbow-left elbow-right face-brow-left face-brow-right face-eye-left face-eye-right face-mouth hand-left hand-right hip-left hip-right knee-left knee-right nen-zetsu-trace shoulder-left shoulder-right
prince-marayam · 52 meshes · ×0.620 · elbow-left elbow-right face-brow-left face-brow-right face-eye-left face-eye-right face-mouth hand-left hand-right hip-left hip-right knee-left knee-right nen-zetsu-trace shoulder-left shoulder-right
prince-woble · 50 meshes · ×0.420 · elbow-left elbow-right face-brow-left face-brow-right face-eye-left face-eye-right face-mouth hand-left hand-right hip-left hip-right knee-left knee-right nen-zetsu-trace shoulder-left shoulder-right
kurapika · 59 meshes · ×0.970 · elbow-left elbow-right face-brow-left face-brow-right face-eye-left face-eye-right face-mouth hand-left hand-right hip-left hip-right knee-left knee-right nen-zetsu-trace shoulder-left shoulder-right signature-chain-0 signature-chain-1 signature-chain-2 signature-chain-3 signature-chain-4
leorio-paradinight · 56 meshes · ×1.080 · elbow-left elbow-right face-brow-left face-brow-right face-eye-left face-eye-right face-mouth hand-left hand-right hip-left hip-right knee-left knee-right nen-zetsu-trace shoulder-left shoulder-right
cheadle-yorkshire · 58 meshes · ×0.900 · elbow-left elbow-right face-brow-left face-brow-right face-eye-left face-eye-right face-mouth hand-left hand-right hip-left hip-right knee-left knee-right nen-zetsu-trace shoulder-left shoulder-right
mizaistom-nana · 52 meshes · ×1.100 · elbow-left elbow-right face-brow-left face-brow-right face-eye-left face-eye-right face-mouth hand-left hand-right hip-left hip-right knee-left knee-right nen-zetsu-trace shoulder-left shoulder-right
botobai-gigante · 54 meshes · ×1.120 · elbow-left elbow-right face-brow-left face-brow-right face-eye-left face-eye-right face-mouth hand-left hand-right hip-left hip-right knee-left knee-right nen-zetsu-trace shoulder-left shoulder-right
kanzai · 56 meshes · ×1.020 · elbow-left elbow-right face-brow-left face-brow-right face-eye-left face-eye-right face-mouth hand-left hand-right hip-left hip-right knee-left knee-right nen-zetsu-trace shoulder-left shoulder-right
saiyu · 52 meshes · ×1.080 · elbow-left elbow-right face-brow-left face-brow-right face-eye-left face-eye-right face-mouth hand-left hand-right hip-left hip-right knee-left knee-right nen-zetsu-trace shoulder-left shoulder-right
saccho-kobayakawa · 52 meshes · ×1.060 · elbow-left elbow-right face-brow-left face-brow-right face-eye-left face-eye-right face-mouth hand-left hand-right hip-left hip-right knee-left knee-right nen-zetsu-trace shoulder-left shoulder-right
cluck · 51 meshes · ×0.970 · elbow-left elbow-right face-brow-left face-brow-right face-eye-left face-eye-right face-mouth hand-left hand-right hip-left hip-right knee-left knee-right nen-zetsu-trace shoulder-left shoulder-right
ginta · 60 meshes · ×1.100 · elbow-left elbow-right face-brow-left face-brow-right face-eye-left face-eye-right face-mouth hand-left hand-right hip-left hip-right knee-left knee-right nen-zetsu-trace shoulder-left shoulder-right
gel · 51 meshes · ×1.020 · elbow-left elbow-right face-brow-left face-brow-right face-eye-left face-eye-right face-mouth hand-left hand-right hip-left hip-right knee-left knee-right nen-zetsu-trace shoulder-left shoulder-right
beyond-netero · 60 meshes · ×1.100 · elbow-left elbow-right face-brow-left face-brow-right face-eye-left face-eye-right face-mouth hand-left hand-right hip-left hip-right knee-left knee-right nen-zetsu-trace shoulder-left shoulder-right signature-beard
bill · 54 meshes · ×1.030 · elbow-left elbow-right face-brow-left face-brow-right face-eye-left face-eye-right face-mouth hand-left hand-right hip-left hip-right knee-left knee-right nen-zetsu-trace shoulder-left shoulder-right
melody · 50 meshes · ×0.720 · elbow-left elbow-right face-brow-left face-brow-right face-eye-left face-eye-right face-mouth hand-left hand-right hip-left hip-right knee-left knee-right nen-zetsu-trace shoulder-left shoulder-right signature-flute
biscuit-krueger · 62 meshes · ×0.620 · court-gown elbow-left elbow-right face-brow-left face-brow-right face-eye-left face-eye-right face-mouth hand-left hand-right hip-left hip-right knee-left knee-right nen-zetsu-trace shoulder-left shoulder-right
hanzo · 49 meshes · ×1.020 · elbow-left elbow-right face-brow-left face-brow-right face-eye-left face-eye-right face-mouth hand-left hand-right hip-left hip-right knee-left knee-right nen-zetsu-trace shoulder-left shoulder-right
basho · 54 meshes · ×1.080 · elbow-left elbow-right face-brow-left face-brow-right face-eye-left face-eye-right face-mouth hand-left hand-right hip-left hip-right knee-left knee-right nen-zetsu-trace shoulder-left shoulder-right
izunavi · 51 meshes · ×1.040 · elbow-left elbow-right face-brow-left face-brow-right face-eye-left face-eye-right face-mouth hand-left hand-right hip-left hip-right knee-left knee-right nen-zetsu-trace shoulder-left shoulder-right
theta · 54 meshes · ×0.980 · elbow-left elbow-right face-brow-left face-brow-right face-eye-left face-eye-right face-mouth hand-left hand-right hip-left hip-right knee-left knee-right nen-zetsu-trace shoulder-left shoulder-right
salkov · 55 meshes · ×1.000 · elbow-left elbow-right face-brow-left face-brow-right face-eye-left face-eye-right face-mouth hand-left hand-right hip-left hip-right knee-left knee-right nen-zetsu-trace shoulder-left shoulder-right
babimyna · 54 meshes · ×1.020 · elbow-left elbow-right face-brow-left face-brow-right face-eye-left face-eye-right face-mouth hand-left hand-right hip-left hip-right knee-left knee-right nen-zetsu-trace shoulder-left shoulder-right
balsamilco-might · 55 meshes · ×0.980 · elbow-left elbow-right face-brow-left face-brow-right face-eye-left face-eye-right face-mouth hand-left hand-right hip-left hip-right knee-left knee-right nen-zetsu-trace shoulder-left shoulder-right
vincent · 54 meshes · ×1.040 · elbow-left elbow-right face-brow-left face-brow-right face-eye-left face-eye-right face-mouth hand-left hand-right hip-left hip-right knee-left knee-right nen-zetsu-trace shoulder-left shoulder-right
furykov · 57 meshes · ×0.960 · elbow-left elbow-right face-brow-left face-brow-right face-eye-left face-eye-right face-mouth hand-left hand-right hip-left hip-right knee-left knee-right nen-zetsu-trace shoulder-left shoulder-right
musse · 55 meshes · ×0.990 · elbow-left elbow-right face-brow-left face-brow-right face-eye-left face-eye-right face-mouth hand-left hand-right hip-left hip-right knee-left knee-right nen-zetsu-trace shoulder-left shoulder-right
rihan · 55 meshes · ×1.020 · elbow-left elbow-right face-brow-left face-brow-right face-eye-left face-eye-right face-mouth hand-left hand-right hip-left hip-right knee-left knee-right nen-zetsu-trace shoulder-left shoulder-right
coventoba · 54 meshes · ×0.990 · elbow-left elbow-right face-brow-left face-brow-right face-eye-left face-eye-right face-mouth hand-left hand-right hip-left hip-right knee-left knee-right nen-zetsu-trace shoulder-left shoulder-right
vergei · 55 meshes · ×1.000 · elbow-left elbow-right face-brow-left face-brow-right face-eye-left face-eye-right face-mouth hand-left hand-right hip-left hip-right knee-left knee-right nen-zetsu-trace shoulder-left shoulder-right
sayird · 54 meshes · ×1.000 · elbow-left elbow-right face-brow-left face-brow-right face-eye-left face-eye-right face-mouth hand-left hand-right hip-left hip-right knee-left knee-right nen-zetsu-trace shoulder-left shoulder-right
chrollo-lucilfer · 58 meshes · ×1.050 · elbow-left elbow-right face-brow-left face-brow-right face-eye-left face-eye-right face-mouth hand-left hand-right hip-left hip-right knee-left knee-right nen-zetsu-trace shoulder-left shoulder-right signature-forehead-cross signature-fur-collar
nobunaga-hazama · 59 meshes · ×1.060 · attire-kimono attire-obi elbow-left elbow-right face-brow-left face-brow-right face-eye-left face-eye-right face-mouth hand-left hand-right hip-left hip-right knee-left knee-right nen-zetsu-trace shoulder-left shoulder-right signature-katana
feitan-portor · 55 meshes · ×0.880 · elbow-left elbow-right face-brow-left face-brow-right face-eye-left face-eye-right face-mouth hand-left hand-right hip-left hip-right knee-left knee-right nen-zetsu-trace shoulder-left shoulder-right signature-umbrella
phinks-magcub · 54 meshes · ×1.070 · elbow-left elbow-right face-brow-left face-brow-right face-eye-left face-eye-right face-mouth hand-left hand-right hip-left hip-right knee-left knee-right nen-zetsu-trace shoulder-left shoulder-right
machi-komacine · 53 meshes · ×0.990 · elbow-left elbow-right face-brow-left face-brow-right face-eye-left face-eye-right face-mouth hand-left hand-right hip-left hip-right knee-left knee-right nen-zetsu-trace shoulder-left shoulder-right
shizuku-murasaki · 59 meshes · ×0.970 · court-gown elbow-left elbow-right face-brow-left face-brow-right face-eye-left face-eye-right face-mouth hand-left hand-right hip-left hip-right knee-left knee-right nen-zetsu-trace shoulder-left shoulder-right
franklin-bordeau · 59 meshes · ×1.150 · elbow-left elbow-right face-brow-left face-brow-right face-eye-left face-eye-right face-mouth hand-left hand-right hip-left hip-right knee-left knee-right nen-zetsu-trace shoulder-left shoulder-right signature-stitches
bonolenov-ndongo · 56 meshes · ×1.060 · elbow-left elbow-right face-brow-left face-brow-right face-eye-left face-eye-right face-mouth hand-left hand-right hip-left hip-right knee-left knee-right nen-zetsu-trace shoulder-left shoulder-right signature-bandages
kalluto-zoldyck · 57 meshes · ×0.680 · attire-kimono attire-obi elbow-left elbow-right face-brow-left face-brow-right face-eye-left face-eye-right face-mouth hand-left hand-right hip-left hip-right knee-left knee-right nen-zetsu-trace shoulder-left shoulder-right signature-fan
illumi · 52 meshes · ×1.060 · elbow-left elbow-right face-brow-left face-brow-right face-eye-left face-eye-right face-mouth hand-left hand-right hip-left hip-right knee-left knee-right nen-zetsu-trace shoulder-left shoulder-right
hisoka · 56 meshes · ×1.090 · elbow-left elbow-right face-brow-left face-brow-right face-eye-left face-eye-right face-mouth hand-left hand-right hip-left hip-right knee-left knee-right nen-zetsu-trace shoulder-left shoulder-right signature-star signature-tear
morena-prudo · 144 meshes · ×1.000 · elbow-left elbow-right face-brow-left face-brow-left face-brow-right face-brow-right face-eye-left face-eye-left face-eye-right face-eye-right face-mouth face-mouth hand-left hand-right hip-left hip-right knee-left knee-right morena-blank-left morena-blank-right morena-decolletage morena-mouth-left morena-mouth-right morena-scar morena-standing-gown morena-stitch-crown morena-stitch-crown morena-stitch-crown morena-stitch-crown morena-stitch-crown morena-stitch-crown morena-stitch-crown morena-stitch-crown morena-stitch-crown morena-stitch-crown morena-stitch-crown morena-stitch-crown morena-stitch-crown nen-zetsu-trace shoulder-left shoulder-right
hinrigh-biganduffno · 55 meshes · ×1.050 · elbow-left elbow-right face-brow-left face-brow-right face-eye-left face-eye-right face-mouth hand-left hand-right hip-left hip-right knee-left knee-right nen-zetsu-trace shoulder-left shoulder-right
zakuro-custard · 60 meshes · ×0.980 · elbow-left elbow-right face-brow-left face-brow-right face-eye-left face-eye-right face-mouth hand-left hand-right hip-left hip-right knee-left knee-right nen-zetsu-trace shoulder-left shoulder-right
lynch-fullbokko · 51 meshes · ×1.000 · elbow-left elbow-right face-brow-left face-brow-right face-eye-left face-eye-right face-mouth hand-left hand-right hip-left hip-right knee-left knee-right nen-zetsu-trace shoulder-left shoulder-right
onior-longbao · 56 meshes · ×1.020 · attire-changshan elbow-left elbow-right face-brow-left face-brow-right face-eye-left face-eye-right face-mouth hand-left hand-right hip-left hip-right knee-left knee-right nen-zetsu-trace shoulder-left shoulder-right
brocco-li · 51 meshes · ×0.970 · elbow-left elbow-right face-brow-left face-brow-right face-eye-left face-eye-right face-mouth hand-left hand-right hip-left hip-right knee-left knee-right nen-zetsu-trace shoulder-left shoulder-right
luini · 50 meshes · ×1.000 · elbow-left elbow-right face-brow-left face-brow-right face-eye-left face-eye-right face-mouth hand-left hand-right hip-left hip-right knee-left knee-right nen-zetsu-trace shoulder-left shoulder-right"
`;
